------------------------------------------------------------
TimeQuest Timing Analyzer Summary
------------------------------------------------------------

Type  : Slow 1100mV 100C Model Setup 'emu|pll|pll_inst|altera_pll_i|general[0].gpll~PLL_OUTPUT_COUNTER|divclk'
Slack : -20.608
TNS   : -1577.862

Type  : Slow 1100mV 100C Model Setup 'emu:emu|mister_top:mister_top|cpuclk'
Slack : -12.685
TNS   : -25326.675

Type  : Slow 1100mV 100C Model Setup 'pll_hdmi|pll_hdmi_inst|altera_pll_i|cyclonev_pll|counter[0].output_counter|divclk'
Slack : 0.758
TNS   : 0.000

Type  : Slow 1100mV 100C Model Setup 'emu:emu|mister_top:mister_top|unibus:pdp11|rk11:rk0|sdspi:sd1|clk'
Slack : 1.486
TNS   : 0.000

Type  : Slow 1100mV 100C Model Setup 'emu:emu|mister_top:mister_top|unibus:pdp11|rl11:rl0|sdspi:sd1|clk'
Slack : 1.758
TNS   : 0.000

Type  : Slow 1100mV 100C Model Setup 'emu:emu|mister_top:mister_top|unibus:pdp11|rh11:rh0|sdspi:sd1|clk'
Slack : 1.759
TNS   : 0.000

Type  : Slow 1100mV 100C Model Setup 'emu|pll|pll_inst|altera_pll_i|general[2].gpll~PLL_OUTPUT_COUNTER|divclk'
Slack : 2.639
TNS   : 0.000

Type  : Slow 1100mV 100C Model Setup 'sysmem|fpga_interfaces|clocks_resets|h2f_user0_clk'
Slack : 3.846
TNS   : 0.000

Type  : Slow 1100mV 100C Model Setup 'FPGA_CLK1_50'
Slack : 5.349
TNS   : 0.000

Type  : Slow 1100mV 100C Model Setup 'spi_sck'
Slack : 5.420
TNS   : 0.000

Type  : Slow 1100mV 100C Model Setup 'FPGA_CLK2_50'
Slack : 12.775
TNS   : 0.000

Type  : Slow 1100mV 100C Model Setup 'pll_audio|pll_audio_inst|altera_pll_i|general[0].gpll~PLL_OUTPUT_COUNTER|divclk'
Slack : 24.196
TNS   : 0.000

Type  : Slow 1100mV 100C Model Hold 'pll_hdmi|pll_hdmi_inst|altera_pll_i|cyclonev_pll|counter[0].output_counter|divclk'
Slack : 0.206
TNS   : 0.000

Type  : Slow 1100mV 100C Model Hold 'pll_audio|pll_audio_inst|altera_pll_i|general[0].gpll~PLL_OUTPUT_COUNTER|divclk'
Slack : 0.246
TNS   : 0.000

Type  : Slow 1100mV 100C Model Hold 'emu|pll|pll_inst|altera_pll_i|general[0].gpll~PLL_OUTPUT_COUNTER|divclk'
Slack : 0.251
TNS   : 0.000

Type  : Slow 1100mV 100C Model Hold 'emu:emu|mister_top:mister_top|unibus:pdp11|rl11:rl0|sdspi:sd1|clk'
Slack : 0.346
TNS   : 0.000

Type  : Slow 1100mV 100C Model Hold 'emu|pll|pll_inst|altera_pll_i|general[2].gpll~PLL_OUTPUT_COUNTER|divclk'
Slack : 0.351
TNS   : 0.000

Type  : Slow 1100mV 100C Model Hold 'sysmem|fpga_interfaces|clocks_resets|h2f_user0_clk'
Slack : 0.371
TNS   : 0.000

Type  : Slow 1100mV 100C Model Hold 'spi_sck'
Slack : 0.386
TNS   : 0.000

Type  : Slow 1100mV 100C Model Hold 'emu:emu|mister_top:mister_top|unibus:pdp11|rk11:rk0|sdspi:sd1|clk'
Slack : 0.393
TNS   : 0.000

Type  : Slow 1100mV 100C Model Hold 'FPGA_CLK2_50'
Slack : 0.411
TNS   : 0.000

Type  : Slow 1100mV 100C Model Hold 'FPGA_CLK1_50'
Slack : 0.415
TNS   : 0.000

Type  : Slow 1100mV 100C Model Hold 'emu:emu|mister_top:mister_top|cpuclk'
Slack : 0.425
TNS   : 0.000

Type  : Slow 1100mV 100C Model Hold 'emu:emu|mister_top:mister_top|unibus:pdp11|rh11:rh0|sdspi:sd1|clk'
Slack : 0.431
TNS   : 0.000

Type  : Slow 1100mV 100C Model Recovery 'emu:emu|mister_top:mister_top|cpuclk'
Slack : 0.842
TNS   : 0.000

Type  : Slow 1100mV 100C Model Recovery 'pll_hdmi|pll_hdmi_inst|altera_pll_i|cyclonev_pll|counter[0].output_counter|divclk'
Slack : 3.454
TNS   : 0.000

Type  : Slow 1100mV 100C Model Recovery 'emu|pll|pll_inst|altera_pll_i|general[2].gpll~PLL_OUTPUT_COUNTER|divclk'
Slack : 3.898
TNS   : 0.000

Type  : Slow 1100mV 100C Model Recovery 'sysmem|fpga_interfaces|clocks_resets|h2f_user0_clk'
Slack : 7.411
TNS   : 0.000

Type  : Slow 1100mV 100C Model Recovery 'emu|pll|pll_inst|altera_pll_i|general[0].gpll~PLL_OUTPUT_COUNTER|divclk'
Slack : 8.235
TNS   : 0.000

Type  : Slow 1100mV 100C Model Recovery 'FPGA_CLK1_50'
Slack : 15.218
TNS   : 0.000

Type  : Slow 1100mV 100C Model Removal 'pll_hdmi|pll_hdmi_inst|altera_pll_i|cyclonev_pll|counter[0].output_counter|divclk'
Slack : 0.816
TNS   : 0.000

Type  : Slow 1100mV 100C Model Removal 'emu:emu|mister_top:mister_top|cpuclk'
Slack : 1.076
TNS   : 0.000

Type  : Slow 1100mV 100C Model Removal 'FPGA_CLK1_50'
Slack : 1.221
TNS   : 0.000

Type  : Slow 1100mV 100C Model Removal 'emu|pll|pll_inst|altera_pll_i|general[0].gpll~PLL_OUTPUT_COUNTER|divclk'
Slack : 1.240
TNS   : 0.000

Type  : Slow 1100mV 100C Model Removal 'sysmem|fpga_interfaces|clocks_resets|h2f_user0_clk'
Slack : 1.654
TNS   : 0.000

Type  : Slow 1100mV 100C Model Removal 'emu|pll|pll_inst|altera_pll_i|general[2].gpll~PLL_OUTPUT_COUNTER|divclk'
Slack : 1.752
TNS   : 0.000

Type  : Slow 1100mV 100C Model Minimum Pulse Width 'pll_hdmi|pll_hdmi_inst|altera_pll_i|cyclonev_pll|fpll_0|fpll|vcoph[0]'
Slack : 1.122
TNS   : 0.000

Type  : Slow 1100mV 100C Model Minimum Pulse Width 'pll_audio|pll_audio_inst|altera_pll_i|general[0].gpll~FRACTIONAL_PLL|vcoph[0]'
Slack : 1.196
TNS   : 0.000

Type  : Slow 1100mV 100C Model Minimum Pulse Width 'emu|pll|pll_inst|altera_pll_i|general[0].gpll~FRACTIONAL_PLL|vcoph[0]'
Slack : 1.666
TNS   : 0.000

Type  : Slow 1100mV 100C Model Minimum Pulse Width 'pll_hdmi|pll_hdmi_inst|altera_pll_i|cyclonev_pll|counter[0].output_counter|divclk'
Slack : 1.931
TNS   : 0.000

Type  : Slow 1100mV 100C Model Minimum Pulse Width 'emu|pll|pll_inst|altera_pll_i|general[0].gpll~PLL_OUTPUT_COUNTER|divclk'
Slack : 3.565
TNS   : 0.000

Type  : Slow 1100mV 100C Model Minimum Pulse Width 'sysmem|fpga_interfaces|clocks_resets|h2f_user0_clk'
Slack : 3.600
TNS   : 0.000

Type  : Slow 1100mV 100C Model Minimum Pulse Width 'spi_sck'
Slack : 4.220
TNS   : 0.000

Type  : Slow 1100mV 100C Model Minimum Pulse Width 'emu|pll|pll_inst|altera_pll_i|general[2].gpll~PLL_OUTPUT_COUNTER|divclk'
Slack : 8.582
TNS   : 0.000

Type  : Slow 1100mV 100C Model Minimum Pulse Width 'FPGA_CLK1_50'
Slack : 9.170
TNS   : 0.000

Type  : Slow 1100mV 100C Model Minimum Pulse Width 'FPGA_CLK2_50'
Slack : 9.218
TNS   : 0.000

Type  : Slow 1100mV 100C Model Minimum Pulse Width 'FPGA_CLK3_50'
Slack : 9.730
TNS   : 0.000

Type  : Slow 1100mV 100C Model Minimum Pulse Width 'pll_audio|pll_audio_inst|altera_pll_i|general[0].gpll~PLL_OUTPUT_COUNTER|divclk'
Slack : 18.909
TNS   : 0.000

Type  : Slow 1100mV 100C Model Minimum Pulse Width 'emu:emu|mister_top:mister_top|unibus:pdp11|rl11:rl0|sdspi:sd1|clk'
Slack : 38.645
TNS   : 0.000

Type  : Slow 1100mV 100C Model Minimum Pulse Width 'emu:emu|mister_top:mister_top|unibus:pdp11|rk11:rk0|sdspi:sd1|clk'
Slack : 38.671
TNS   : 0.000

Type  : Slow 1100mV 100C Model Minimum Pulse Width 'emu:emu|mister_top:mister_top|unibus:pdp11|rh11:rh0|sdspi:sd1|clk'
Slack : 38.700
TNS   : 0.000

Type  : Slow 1100mV 100C Model Minimum Pulse Width 'emu:emu|mister_top:mister_top|cpuclk'
Slack : 68.567
TNS   : 0.000

Type  : Slow 1100mV -40C Model Setup 'emu|pll|pll_inst|altera_pll_i|general[0].gpll~PLL_OUTPUT_COUNTER|divclk'
Slack : -20.041
TNS   : -1528.193

Type  : Slow 1100mV -40C Model Setup 'emu:emu|mister_top:mister_top|cpuclk'
Slack : -12.687
TNS   : -24401.093

Type  : Slow 1100mV -40C Model Setup 'pll_hdmi|pll_hdmi_inst|altera_pll_i|cyclonev_pll|counter[0].output_counter|divclk'
Slack : 0.598
TNS   : 0.000

Type  : Slow 1100mV -40C Model Setup 'emu:emu|mister_top:mister_top|unibus:pdp11|rh11:rh0|sdspi:sd1|clk'
Slack : 1.490
TNS   : 0.000

Type  : Slow 1100mV -40C Model Setup 'emu:emu|mister_top:mister_top|unibus:pdp11|rk11:rk0|sdspi:sd1|clk'
Slack : 1.587
TNS   : 0.000

Type  : Slow 1100mV -40C Model Setup 'emu:emu|mister_top:mister_top|unibus:pdp11|rl11:rl0|sdspi:sd1|clk'
Slack : 1.626
TNS   : 0.000

Type  : Slow 1100mV -40C Model Setup 'emu|pll|pll_inst|altera_pll_i|general[2].gpll~PLL_OUTPUT_COUNTER|divclk'
Slack : 3.276
TNS   : 0.000

Type  : Slow 1100mV -40C Model Setup 'sysmem|fpga_interfaces|clocks_resets|h2f_user0_clk'
Slack : 3.902
TNS   : 0.000

Type  : Slow 1100mV -40C Model Setup 'FPGA_CLK1_50'
Slack : 5.002
TNS   : 0.000

Type  : Slow 1100mV -40C Model Setup 'spi_sck'
Slack : 5.569
TNS   : 0.000

Type  : Slow 1100mV -40C Model Setup 'FPGA_CLK2_50'
Slack : 12.554
TNS   : 0.000

Type  : Slow 1100mV -40C Model Setup 'pll_audio|pll_audio_inst|altera_pll_i|general[0].gpll~PLL_OUTPUT_COUNTER|divclk'
Slack : 23.509
TNS   : 0.000

Type  : Slow 1100mV -40C Model Hold 'pll_hdmi|pll_hdmi_inst|altera_pll_i|cyclonev_pll|counter[0].output_counter|divclk'
Slack : 0.096
TNS   : 0.000

Type  : Slow 1100mV -40C Model Hold 'emu|pll|pll_inst|altera_pll_i|general[0].gpll~PLL_OUTPUT_COUNTER|divclk'
Slack : 0.114
TNS   : 0.000

Type  : Slow 1100mV -40C Model Hold 'pll_audio|pll_audio_inst|altera_pll_i|general[0].gpll~PLL_OUTPUT_COUNTER|divclk'
Slack : 0.234
TNS   : 0.000

Type  : Slow 1100mV -40C Model Hold 'emu|pll|pll_inst|altera_pll_i|general[2].gpll~PLL_OUTPUT_COUNTER|divclk'
Slack : 0.298
TNS   : 0.000

Type  : Slow 1100mV -40C Model Hold 'sysmem|fpga_interfaces|clocks_resets|h2f_user0_clk'
Slack : 0.301
TNS   : 0.000

Type  : Slow 1100mV -40C Model Hold 'emu:emu|mister_top:mister_top|unibus:pdp11|rl11:rl0|sdspi:sd1|clk'
Slack : 0.319
TNS   : 0.000

Type  : Slow 1100mV -40C Model Hold 'spi_sck'
Slack : 0.363
TNS   : 0.000

Type  : Slow 1100mV -40C Model Hold 'emu:emu|mister_top:mister_top|cpuclk'
Slack : 0.370
TNS   : 0.000

Type  : Slow 1100mV -40C Model Hold 'FPGA_CLK2_50'
Slack : 0.389
TNS   : 0.000

Type  : Slow 1100mV -40C Model Hold 'FPGA_CLK1_50'
Slack : 0.404
TNS   : 0.000

Type  : Slow 1100mV -40C Model Hold 'emu:emu|mister_top:mister_top|unibus:pdp11|rh11:rh0|sdspi:sd1|clk'
Slack : 0.411
TNS   : 0.000

Type  : Slow 1100mV -40C Model Hold 'emu:emu|mister_top:mister_top|unibus:pdp11|rk11:rk0|sdspi:sd1|clk'
Slack : 0.419
TNS   : 0.000

Type  : Slow 1100mV -40C Model Recovery 'emu:emu|mister_top:mister_top|cpuclk'
Slack : 1.036
TNS   : 0.000

Type  : Slow 1100mV -40C Model Recovery 'pll_hdmi|pll_hdmi_inst|altera_pll_i|cyclonev_pll|counter[0].output_counter|divclk'
Slack : 3.634
TNS   : 0.000

Type  : Slow 1100mV -40C Model Recovery 'emu|pll|pll_inst|altera_pll_i|general[2].gpll~PLL_OUTPUT_COUNTER|divclk'
Slack : 4.250
TNS   : 0.000

Type  : Slow 1100mV -40C Model Recovery 'sysmem|fpga_interfaces|clocks_resets|h2f_user0_clk'
Slack : 7.534
TNS   : 0.000

Type  : Slow 1100mV -40C Model Recovery 'emu|pll|pll_inst|altera_pll_i|general[0].gpll~PLL_OUTPUT_COUNTER|divclk'
Slack : 8.342
TNS   : 0.000

Type  : Slow 1100mV -40C Model Recovery 'FPGA_CLK1_50'
Slack : 15.419
TNS   : 0.000

Type  : Slow 1100mV -40C Model Removal 'pll_hdmi|pll_hdmi_inst|altera_pll_i|cyclonev_pll|counter[0].output_counter|divclk'
Slack : 0.717
TNS   : 0.000

Type  : Slow 1100mV -40C Model Removal 'emu:emu|mister_top:mister_top|cpuclk'
Slack : 1.056
TNS   : 0.000

Type  : Slow 1100mV -40C Model Removal 'emu|pll|pll_inst|altera_pll_i|general[0].gpll~PLL_OUTPUT_COUNTER|divclk'
Slack : 1.139
TNS   : 0.000

Type  : Slow 1100mV -40C Model Removal 'FPGA_CLK1_50'
Slack : 1.161
TNS   : 0.000

Type  : Slow 1100mV -40C Model Removal 'sysmem|fpga_interfaces|clocks_resets|h2f_user0_clk'
Slack : 1.595
TNS   : 0.000

Type  : Slow 1100mV -40C Model Removal 'emu|pll|pll_inst|altera_pll_i|general[2].gpll~PLL_OUTPUT_COUNTER|divclk'
Slack : 1.602
TNS   : 0.000

Type  : Slow 1100mV -40C Model Minimum Pulse Width 'pll_hdmi|pll_hdmi_inst|altera_pll_i|cyclonev_pll|fpll_0|fpll|vcoph[0]'
Slack : 1.122
TNS   : 0.000

Type  : Slow 1100mV -40C Model Minimum Pulse Width 'pll_audio|pll_audio_inst|altera_pll_i|general[0].gpll~FRACTIONAL_PLL|vcoph[0]'
Slack : 1.196
TNS   : 0.000

Type  : Slow 1100mV -40C Model Minimum Pulse Width 'emu|pll|pll_inst|altera_pll_i|general[0].gpll~FRACTIONAL_PLL|vcoph[0]'
Slack : 1.666
TNS   : 0.000

Type  : Slow 1100mV -40C Model Minimum Pulse Width 'pll_hdmi|pll_hdmi_inst|altera_pll_i|cyclonev_pll|counter[0].output_counter|divclk'
Slack : 1.909
TNS   : 0.000

Type  : Slow 1100mV -40C Model Minimum Pulse Width 'emu|pll|pll_inst|altera_pll_i|general[0].gpll~PLL_OUTPUT_COUNTER|divclk'
Slack : 3.543
TNS   : 0.000

Type  : Slow 1100mV -40C Model Minimum Pulse Width 'sysmem|fpga_interfaces|clocks_resets|h2f_user0_clk'
Slack : 3.577
TNS   : 0.000

Type  : Slow 1100mV -40C Model Minimum Pulse Width 'spi_sck'
Slack : 4.216
TNS   : 0.000

Type  : Slow 1100mV -40C Model Minimum Pulse Width 'emu|pll|pll_inst|altera_pll_i|general[2].gpll~PLL_OUTPUT_COUNTER|divclk'
Slack : 8.579
TNS   : 0.000

Type  : Slow 1100mV -40C Model Minimum Pulse Width 'FPGA_CLK1_50'
Slack : 9.274
TNS   : 0.000

Type  : Slow 1100mV -40C Model Minimum Pulse Width 'FPGA_CLK2_50'
Slack : 9.321
TNS   : 0.000

Type  : Slow 1100mV -40C Model Minimum Pulse Width 'FPGA_CLK3_50'
Slack : 9.754
TNS   : 0.000

Type  : Slow 1100mV -40C Model Minimum Pulse Width 'pll_audio|pll_audio_inst|altera_pll_i|general[0].gpll~PLL_OUTPUT_COUNTER|divclk'
Slack : 18.883
TNS   : 0.000

Type  : Slow 1100mV -40C Model Minimum Pulse Width 'emu:emu|mister_top:mister_top|unibus:pdp11|rl11:rl0|sdspi:sd1|clk'
Slack : 38.661
TNS   : 0.000

Type  : Slow 1100mV -40C Model Minimum Pulse Width 'emu:emu|mister_top:mister_top|unibus:pdp11|rk11:rk0|sdspi:sd1|clk'
Slack : 38.711
TNS   : 0.000

Type  : Slow 1100mV -40C Model Minimum Pulse Width 'emu:emu|mister_top:mister_top|unibus:pdp11|rh11:rh0|sdspi:sd1|clk'
Slack : 38.746
TNS   : 0.000

Type  : Slow 1100mV -40C Model Minimum Pulse Width 'emu:emu|mister_top:mister_top|cpuclk'
Slack : 68.562
TNS   : 0.000

Type  : Fast 1100mV 100C Model Setup 'emu|pll|pll_inst|altera_pll_i|general[0].gpll~PLL_OUTPUT_COUNTER|divclk'
Slack : -6.781
TNS   : -448.175

Type  : Fast 1100mV 100C Model Setup 'emu:emu|mister_top:mister_top|cpuclk'
Slack : -2.239
TNS   : -810.897

Type  : Fast 1100mV 100C Model Setup 'pll_hdmi|pll_hdmi_inst|altera_pll_i|cyclonev_pll|counter[0].output_counter|divclk'
Slack : 3.498
TNS   : 0.000

Type  : Fast 1100mV 100C Model Setup 'emu|pll|pll_inst|altera_pll_i|general[2].gpll~PLL_OUTPUT_COUNTER|divclk'
Slack : 4.325
TNS   : 0.000

Type  : Fast 1100mV 100C Model Setup 'emu:emu|mister_top:mister_top|unibus:pdp11|rk11:rk0|sdspi:sd1|clk'
Slack : 5.036
TNS   : 0.000

Type  : Fast 1100mV 100C Model Setup 'emu:emu|mister_top:mister_top|unibus:pdp11|rl11:rl0|sdspi:sd1|clk'
Slack : 5.446
TNS   : 0.000

Type  : Fast 1100mV 100C Model Setup 'emu:emu|mister_top:mister_top|unibus:pdp11|rh11:rh0|sdspi:sd1|clk'
Slack : 5.598
TNS   : 0.000

Type  : Fast 1100mV 100C Model Setup 'sysmem|fpga_interfaces|clocks_resets|h2f_user0_clk'
Slack : 6.273
TNS   : 0.000

Type  : Fast 1100mV 100C Model Setup 'spi_sck'
Slack : 7.572
TNS   : 0.000

Type  : Fast 1100mV 100C Model Setup 'FPGA_CLK1_50'
Slack : 11.052
TNS   : 0.000

Type  : Fast 1100mV 100C Model Setup 'FPGA_CLK2_50'
Slack : 15.190
TNS   : 0.000

Type  : Fast 1100mV 100C Model Setup 'pll_audio|pll_audio_inst|altera_pll_i|general[0].gpll~PLL_OUTPUT_COUNTER|divclk'
Slack : 32.383
TNS   : 0.000

Type  : Fast 1100mV 100C Model Hold 'emu:emu|mister_top:mister_top|unibus:pdp11|rl11:rl0|sdspi:sd1|clk'
Slack : 0.127
TNS   : 0.000

Type  : Fast 1100mV 100C Model Hold 'pll_audio|pll_audio_inst|altera_pll_i|general[0].gpll~PLL_OUTPUT_COUNTER|divclk'
Slack : 0.133
TNS   : 0.000

Type  : Fast 1100mV 100C Model Hold 'emu|pll|pll_inst|altera_pll_i|general[0].gpll~PLL_OUTPUT_COUNTER|divclk'
Slack : 0.136
TNS   : 0.000

Type  : Fast 1100mV 100C Model Hold 'pll_hdmi|pll_hdmi_inst|altera_pll_i|cyclonev_pll|counter[0].output_counter|divclk'
Slack : 0.137
TNS   : 0.000

Type  : Fast 1100mV 100C Model Hold 'emu:emu|mister_top:mister_top|unibus:pdp11|rk11:rk0|sdspi:sd1|clk'
Slack : 0.154
TNS   : 0.000

Type  : Fast 1100mV 100C Model Hold 'emu:emu|mister_top:mister_top|unibus:pdp11|rh11:rh0|sdspi:sd1|clk'
Slack : 0.156
TNS   : 0.000

Type  : Fast 1100mV 100C Model Hold 'emu|pll|pll_inst|altera_pll_i|general[2].gpll~PLL_OUTPUT_COUNTER|divclk'
Slack : 0.177
TNS   : 0.000

Type  : Fast 1100mV 100C Model Hold 'emu:emu|mister_top:mister_top|cpuclk'
Slack : 0.178
TNS   : 0.000

Type  : Fast 1100mV 100C Model Hold 'sysmem|fpga_interfaces|clocks_resets|h2f_user0_clk'
Slack : 0.179
TNS   : 0.000

Type  : Fast 1100mV 100C Model Hold 'FPGA_CLK1_50'
Slack : 0.180
TNS   : 0.000

Type  : Fast 1100mV 100C Model Hold 'FPGA_CLK2_50'
Slack : 0.181
TNS   : 0.000

Type  : Fast 1100mV 100C Model Hold 'spi_sck'
Slack : 0.187
TNS   : 0.000

Type  : Fast 1100mV 100C Model Recovery 'pll_hdmi|pll_hdmi_inst|altera_pll_i|cyclonev_pll|counter[0].output_counter|divclk'
Slack : 4.799
TNS   : 0.000

Type  : Fast 1100mV 100C Model Recovery 'emu:emu|mister_top:mister_top|cpuclk'
Slack : 4.981
TNS   : 0.000

Type  : Fast 1100mV 100C Model Recovery 'emu|pll|pll_inst|altera_pll_i|general[2].gpll~PLL_OUTPUT_COUNTER|divclk'
Slack : 6.236
TNS   : 0.000

Type  : Fast 1100mV 100C Model Recovery 'sysmem|fpga_interfaces|clocks_resets|h2f_user0_clk'
Slack : 8.509
TNS   : 0.000

Type  : Fast 1100mV 100C Model Recovery 'emu|pll|pll_inst|altera_pll_i|general[0].gpll~PLL_OUTPUT_COUNTER|divclk'
Slack : 9.036
TNS   : 0.000

Type  : Fast 1100mV 100C Model Recovery 'FPGA_CLK1_50'
Slack : 17.208
TNS   : 0.000

Type  : Fast 1100mV 100C Model Removal 'pll_hdmi|pll_hdmi_inst|altera_pll_i|cyclonev_pll|counter[0].output_counter|divclk'
Slack : 0.436
TNS   : 0.000

Type  : Fast 1100mV 100C Model Removal 'emu|pll|pll_inst|altera_pll_i|general[0].gpll~PLL_OUTPUT_COUNTER|divclk'
Slack : 0.635
TNS   : 0.000

Type  : Fast 1100mV 100C Model Removal 'FPGA_CLK1_50'
Slack : 0.639
TNS   : 0.000

Type  : Fast 1100mV 100C Model Removal 'emu:emu|mister_top:mister_top|cpuclk'
Slack : 0.703
TNS   : 0.000

Type  : Fast 1100mV 100C Model Removal 'sysmem|fpga_interfaces|clocks_resets|h2f_user0_clk'
Slack : 0.902
TNS   : 0.000

Type  : Fast 1100mV 100C Model Removal 'emu|pll|pll_inst|altera_pll_i|general[2].gpll~PLL_OUTPUT_COUNTER|divclk'
Slack : 1.335
TNS   : 0.000

Type  : Fast 1100mV 100C Model Minimum Pulse Width 'pll_hdmi|pll_hdmi_inst|altera_pll_i|cyclonev_pll|fpll_0|fpll|vcoph[0]'
Slack : 1.122
TNS   : 0.000

Type  : Fast 1100mV 100C Model Minimum Pulse Width 'pll_audio|pll_audio_inst|altera_pll_i|general[0].gpll~FRACTIONAL_PLL|vcoph[0]'
Slack : 1.196
TNS   : 0.000

Type  : Fast 1100mV 100C Model Minimum Pulse Width 'emu|pll|pll_inst|altera_pll_i|general[0].gpll~FRACTIONAL_PLL|vcoph[0]'
Slack : 1.666
TNS   : 0.000

Type  : Fast 1100mV 100C Model Minimum Pulse Width 'pll_hdmi|pll_hdmi_inst|altera_pll_i|cyclonev_pll|counter[0].output_counter|divclk'
Slack : 2.243
TNS   : 0.000

Type  : Fast 1100mV 100C Model Minimum Pulse Width 'emu|pll|pll_inst|altera_pll_i|general[0].gpll~PLL_OUTPUT_COUNTER|divclk'
Slack : 3.879
TNS   : 0.000

Type  : Fast 1100mV 100C Model Minimum Pulse Width 'sysmem|fpga_interfaces|clocks_resets|h2f_user0_clk'
Slack : 3.906
TNS   : 0.000

Type  : Fast 1100mV 100C Model Minimum Pulse Width 'spi_sck'
Slack : 4.575
TNS   : 0.000

Type  : Fast 1100mV 100C Model Minimum Pulse Width 'emu|pll|pll_inst|altera_pll_i|general[2].gpll~PLL_OUTPUT_COUNTER|divclk'
Slack : 8.887
TNS   : 0.000

Type  : Fast 1100mV 100C Model Minimum Pulse Width 'FPGA_CLK1_50'
Slack : 9.105
TNS   : 0.000

Type  : Fast 1100mV 100C Model Minimum Pulse Width 'FPGA_CLK2_50'
Slack : 9.140
TNS   : 0.000

Type  : Fast 1100mV 100C Model Minimum Pulse Width 'FPGA_CLK3_50'
Slack : 9.347
TNS   : 0.000

Type  : Fast 1100mV 100C Model Minimum Pulse Width 'pll_audio|pll_audio_inst|altera_pll_i|general[0].gpll~PLL_OUTPUT_COUNTER|divclk'
Slack : 19.222
TNS   : 0.000

Type  : Fast 1100mV 100C Model Minimum Pulse Width 'emu:emu|mister_top:mister_top|unibus:pdp11|rl11:rl0|sdspi:sd1|clk'
Slack : 38.794
TNS   : 0.000

Type  : Fast 1100mV 100C Model Minimum Pulse Width 'emu:emu|mister_top:mister_top|unibus:pdp11|rk11:rk0|sdspi:sd1|clk'
Slack : 38.828
TNS   : 0.000

Type  : Fast 1100mV 100C Model Minimum Pulse Width 'emu:emu|mister_top:mister_top|unibus:pdp11|rh11:rh0|sdspi:sd1|clk'
Slack : 38.858
TNS   : 0.000

Type  : Fast 1100mV 100C Model Minimum Pulse Width 'emu:emu|mister_top:mister_top|cpuclk'
Slack : 68.934
TNS   : 0.000

Type  : Fast 1100mV -40C Model Setup 'emu|pll|pll_inst|altera_pll_i|general[0].gpll~PLL_OUTPUT_COUNTER|divclk'
Slack : -4.234
TNS   : -254.592

Type  : Fast 1100mV -40C Model Setup 'emu:emu|mister_top:mister_top|cpuclk'
Slack : -0.461
TNS   : -11.609

Type  : Fast 1100mV -40C Model Setup 'pll_hdmi|pll_hdmi_inst|altera_pll_i|cyclonev_pll|counter[0].output_counter|divclk'
Slack : 4.016
TNS   : 0.000

Type  : Fast 1100mV -40C Model Setup 'emu:emu|mister_top:mister_top|unibus:pdp11|rk11:rk0|sdspi:sd1|clk'
Slack : 5.679
TNS   : 0.000

Type  : Fast 1100mV -40C Model Setup 'emu|pll|pll_inst|altera_pll_i|general[2].gpll~PLL_OUTPUT_COUNTER|divclk'
Slack : 5.682
TNS   : 0.000

Type  : Fast 1100mV -40C Model Setup 'emu:emu|mister_top:mister_top|unibus:pdp11|rl11:rl0|sdspi:sd1|clk'
Slack : 5.907
TNS   : 0.000

Type  : Fast 1100mV -40C Model Setup 'emu:emu|mister_top:mister_top|unibus:pdp11|rh11:rh0|sdspi:sd1|clk'
Slack : 5.978
TNS   : 0.000

Type  : Fast 1100mV -40C Model Setup 'sysmem|fpga_interfaces|clocks_resets|h2f_user0_clk'
Slack : 6.873
TNS   : 0.000

Type  : Fast 1100mV -40C Model Setup 'spi_sck'
Slack : 7.966
TNS   : 0.000

Type  : Fast 1100mV -40C Model Setup 'FPGA_CLK1_50'
Slack : 12.130
TNS   : 0.000

Type  : Fast 1100mV -40C Model Setup 'FPGA_CLK2_50'
Slack : 16.497
TNS   : 0.000

Type  : Fast 1100mV -40C Model Setup 'pll_audio|pll_audio_inst|altera_pll_i|general[0].gpll~PLL_OUTPUT_COUNTER|divclk'
Slack : 33.280
TNS   : 0.000

Type  : Fast 1100mV -40C Model Hold 'emu|pll|pll_inst|altera_pll_i|general[0].gpll~PLL_OUTPUT_COUNTER|divclk'
Slack : -0.053
TNS   : -0.089

Type  : Fast 1100mV -40C Model Hold 'emu:emu|mister_top:mister_top|unibus:pdp11|rl11:rl0|sdspi:sd1|clk'
Slack : 0.100
TNS   : 0.000

Type  : Fast 1100mV -40C Model Hold 'emu:emu|mister_top:mister_top|unibus:pdp11|rk11:rk0|sdspi:sd1|clk'
Slack : 0.114
TNS   : 0.000

Type  : Fast 1100mV -40C Model Hold 'emu:emu|mister_top:mister_top|unibus:pdp11|rh11:rh0|sdspi:sd1|clk'
Slack : 0.115
TNS   : 0.000

Type  : Fast 1100mV -40C Model Hold 'pll_audio|pll_audio_inst|altera_pll_i|general[0].gpll~PLL_OUTPUT_COUNTER|divclk'
Slack : 0.116
TNS   : 0.000

Type  : Fast 1100mV -40C Model Hold 'pll_hdmi|pll_hdmi_inst|altera_pll_i|cyclonev_pll|counter[0].output_counter|divclk'
Slack : 0.122
TNS   : 0.000

Type  : Fast 1100mV -40C Model Hold 'FPGA_CLK1_50'
Slack : 0.155
TNS   : 0.000

Type  : Fast 1100mV -40C Model Hold 'sysmem|fpga_interfaces|clocks_resets|h2f_user0_clk'
Slack : 0.155
TNS   : 0.000

Type  : Fast 1100mV -40C Model Hold 'emu|pll|pll_inst|altera_pll_i|general[2].gpll~PLL_OUTPUT_COUNTER|divclk'
Slack : 0.157
TNS   : 0.000

Type  : Fast 1100mV -40C Model Hold 'emu:emu|mister_top:mister_top|cpuclk'
Slack : 0.162
TNS   : 0.000

Type  : Fast 1100mV -40C Model Hold 'FPGA_CLK2_50'
Slack : 0.169
TNS   : 0.000

Type  : Fast 1100mV -40C Model Hold 'spi_sck'
Slack : 0.172
TNS   : 0.000

Type  : Fast 1100mV -40C Model Recovery 'pll_hdmi|pll_hdmi_inst|altera_pll_i|cyclonev_pll|counter[0].output_counter|divclk'
Slack : 5.095
TNS   : 0.000

Type  : Fast 1100mV -40C Model Recovery 'emu:emu|mister_top:mister_top|cpuclk'
Slack : 5.685
TNS   : 0.000

Type  : Fast 1100mV -40C Model Recovery 'emu|pll|pll_inst|altera_pll_i|general[2].gpll~PLL_OUTPUT_COUNTER|divclk'
Slack : 6.960
TNS   : 0.000

Type  : Fast 1100mV -40C Model Recovery 'sysmem|fpga_interfaces|clocks_resets|h2f_user0_clk'
Slack : 8.775
TNS   : 0.000

Type  : Fast 1100mV -40C Model Recovery 'emu|pll|pll_inst|altera_pll_i|general[0].gpll~PLL_OUTPUT_COUNTER|divclk'
Slack : 9.198
TNS   : 0.000

Type  : Fast 1100mV -40C Model Recovery 'FPGA_CLK1_50'
Slack : 17.669
TNS   : 0.000

Type  : Fast 1100mV -40C Model Removal 'pll_hdmi|pll_hdmi_inst|altera_pll_i|cyclonev_pll|counter[0].output_counter|divclk'
Slack : 0.339
TNS   : 0.000

Type  : Fast 1100mV -40C Model Removal 'emu:emu|mister_top:mister_top|cpuclk'
Slack : 0.446
TNS   : 0.000

Type  : Fast 1100mV -40C Model Removal 'emu|pll|pll_inst|altera_pll_i|general[0].gpll~PLL_OUTPUT_COUNTER|divclk'
Slack : 0.541
TNS   : 0.000

Type  : Fast 1100mV -40C Model Removal 'FPGA_CLK1_50'
Slack : 0.548
TNS   : 0.000

Type  : Fast 1100mV -40C Model Removal 'sysmem|fpga_interfaces|clocks_resets|h2f_user0_clk'
Slack : 0.776
TNS   : 0.000

Type  : Fast 1100mV -40C Model Removal 'emu|pll|pll_inst|altera_pll_i|general[2].gpll~PLL_OUTPUT_COUNTER|divclk'
Slack : 0.871
TNS   : 0.000

Type  : Fast 1100mV -40C Model Minimum Pulse Width 'pll_hdmi|pll_hdmi_inst|altera_pll_i|cyclonev_pll|fpll_0|fpll|vcoph[0]'
Slack : 1.122
TNS   : 0.000

Type  : Fast 1100mV -40C Model Minimum Pulse Width 'pll_audio|pll_audio_inst|altera_pll_i|general[0].gpll~FRACTIONAL_PLL|vcoph[0]'
Slack : 1.196
TNS   : 0.000

Type  : Fast 1100mV -40C Model Minimum Pulse Width 'emu|pll|pll_inst|altera_pll_i|general[0].gpll~FRACTIONAL_PLL|vcoph[0]'
Slack : 1.666
TNS   : 0.000

Type  : Fast 1100mV -40C Model Minimum Pulse Width 'pll_hdmi|pll_hdmi_inst|altera_pll_i|cyclonev_pll|counter[0].output_counter|divclk'
Slack : 2.250
TNS   : 0.000

Type  : Fast 1100mV -40C Model Minimum Pulse Width 'emu|pll|pll_inst|altera_pll_i|general[0].gpll~PLL_OUTPUT_COUNTER|divclk'
Slack : 3.885
TNS   : 0.000

Type  : Fast 1100mV -40C Model Minimum Pulse Width 'sysmem|fpga_interfaces|clocks_resets|h2f_user0_clk'
Slack : 3.906
TNS   : 0.000

Type  : Fast 1100mV -40C Model Minimum Pulse Width 'spi_sck'
Slack : 4.566
TNS   : 0.000

Type  : Fast 1100mV -40C Model Minimum Pulse Width 'emu|pll|pll_inst|altera_pll_i|general[2].gpll~PLL_OUTPUT_COUNTER|divclk'
Slack : 8.891
TNS   : 0.000

Type  : Fast 1100mV -40C Model Minimum Pulse Width 'FPGA_CLK1_50'
Slack : 9.046
TNS   : 0.000

Type  : Fast 1100mV -40C Model Minimum Pulse Width 'FPGA_CLK2_50'
Slack : 9.078
TNS   : 0.000

Type  : Fast 1100mV -40C Model Minimum Pulse Width 'FPGA_CLK3_50'
Slack : 9.274
TNS   : 0.000

Type  : Fast 1100mV -40C Model Minimum Pulse Width 'pll_audio|pll_audio_inst|altera_pll_i|general[0].gpll~PLL_OUTPUT_COUNTER|divclk'
Slack : 19.227
TNS   : 0.000

Type  : Fast 1100mV -40C Model Minimum Pulse Width 'emu:emu|mister_top:mister_top|unibus:pdp11|rl11:rl0|sdspi:sd1|clk'
Slack : 38.863
TNS   : 0.000

Type  : Fast 1100mV -40C Model Minimum Pulse Width 'emu:emu|mister_top:mister_top|unibus:pdp11|rk11:rk0|sdspi:sd1|clk'
Slack : 38.898
TNS   : 0.000

Type  : Fast 1100mV -40C Model Minimum Pulse Width 'emu:emu|mister_top:mister_top|unibus:pdp11|rh11:rh0|sdspi:sd1|clk'
Slack : 38.919
TNS   : 0.000

Type  : Fast 1100mV -40C Model Minimum Pulse Width 'emu:emu|mister_top:mister_top|cpuclk'
Slack : 68.933
TNS   : 0.000

------------------------------------------------------------
